
> my-v0-project@0.1.0 build
> next build

   ▲ Next.js 15.2.8

   Creating an optimized production build ...
Failed to compile.

HookWebpackError: EPERM: operation not permitted, stat '/Users/mac/portofolio acit/package.json'
    at makeWebpackError (/Users/mac/portofolio acit/portofolio2/node_modules/next/dist/compiled/webpack/bundle5.js:29:315788)
    at /Users/mac/portofolio acit/portofolio2/node_modules/next/dist/compiled/webpack/bundle5.js:29:106487
    at eval (eval at create (/Users/mac/portofolio acit/portofolio2/node_modules/next/dist/compiled/webpack/bundle5.js:14:9224), <anonymous>:44:1)
-- inner error --
Error: EPERM: operation not permitted, stat '/Users/mac/portofolio acit/package.json'
    at Object.statSync (node:fs:1709:25)
    at isFile (/Users/mac/portofolio acit/portofolio2/node_modules/next/dist/compiled/browserslist/index.js:1:21091)
    at /Users/mac/portofolio acit/portofolio2/node_modules/next/dist/compiled/browserslist/index.js:1:25957
    at eachParent (/Users/mac/portofolio acit/portofolio2/node_modules/next/dist/compiled/browserslist/index.js:1:21274)
    at Object.findConfig (/Users/mac/portofolio acit/portofolio2/node_modules/next/dist/compiled/browserslist/index.js:1:25764)
    at browserslist.loadConfig (/Users/mac/portofolio acit/portofolio2/node_modules/next/dist/compiled/browserslist/index.js:1:24405)
    at prepareQueries (/Users/mac/portofolio acit/portofolio2/node_modules/next/dist/compiled/browserslist/index.js:1:5846)
    at browserslist (/Users/mac/portofolio acit/portofolio2/node_modules/next/dist/compiled/browserslist/index.js:1:6112)
    at cleanBrowsersList (/Users/mac/portofolio acit/portofolio2/node_modules/next/dist/compiled/cssnano-simple/index.js:1:2559)
    at setBrowserScope (/Users/mac/portofolio acit/portofolio2/node_modules/next/dist/compiled/cssnano-simple/index.js:1:498)
caused by plugins in Compilation.hooks.processAssets
Error: EPERM: operation not permitted, stat '/Users/mac/portofolio acit/package.json'
    at Object.statSync (node:fs:1709:25)
    at isFile (/Users/mac/portofolio acit/portofolio2/node_modules/next/dist/compiled/browserslist/index.js:1:21091)
    at /Users/mac/portofolio acit/portofolio2/node_modules/next/dist/compiled/browserslist/index.js:1:25957
    at eachParent (/Users/mac/portofolio acit/portofolio2/node_modules/next/dist/compiled/browserslist/index.js:1:21274)
    at Object.findConfig (/Users/mac/portofolio acit/portofolio2/node_modules/next/dist/compiled/browserslist/index.js:1:25764)
    at browserslist.loadConfig (/Users/mac/portofolio acit/portofolio2/node_modules/next/dist/compiled/browserslist/index.js:1:24405)
    at prepareQueries (/Users/mac/portofolio acit/portofolio2/node_modules/next/dist/compiled/browserslist/index.js:1:5846)
    at browserslist (/Users/mac/portofolio acit/portofolio2/node_modules/next/dist/compiled/browserslist/index.js:1:6112)
    at cleanBrowsersList (/Users/mac/portofolio acit/portofolio2/node_modules/next/dist/compiled/cssnano-simple/index.js:1:2559)
    at setBrowserScope (/Users/mac/portofolio acit/portofolio2/node_modules/next/dist/compiled/cssnano-simple/index.js:1:498)


> Build failed because of webpack errors
npm notice
npm notice New minor version of npm available! 11.8.0 -> 11.12.1
npm notice Changelog: https://github.com/npm/cli/releases/tag/v11.12.1
npm notice To update run: npm install -g npm@11.12.1
npm notice
